// Jest Snapshot v1, https://goo.gl/fbAQLP

exports[`InvertedFlatList renders correctly 1`] = `
<View>
  <Text>
    Hello World!
  </Text>
</View>
`;
